------------------------------------------------------------
Timing Analyzer Summary
------------------------------------------------------------

Type  : Slow 1200mV 100C Model Setup 'u_pllvga|altpll_component|auto_generated|pll1|clk[0]'
Slack : -3.866
TNS   : -34.246

Type  : Slow 1200mV 100C Model Setup 'sync:u_sync|sync[1]'
Slack : -1.314
TNS   : -18.694

Type  : Slow 1200mV 100C Model Hold 'u_pllvga|altpll_component|auto_generated|pll1|clk[0]'
Slack : 0.377
TNS   : 0.000

Type  : Slow 1200mV 100C Model Hold 'sync:u_sync|sync[1]'
Slack : 0.399
TNS   : 0.000

Type  : Slow 1200mV 100C Model Minimum Pulse Width 'sync:u_sync|sync[1]'
Slack : -1.500
TNS   : -31.500

Type  : Slow 1200mV 100C Model Minimum Pulse Width 'u_pllvga|altpll_component|auto_generated|pll1|clk[0]'
Slack : 7.317
TNS   : 0.000

Type  : Slow 1200mV 100C Model Minimum Pulse Width 'clock'
Slack : 9.892
TNS   : 0.000

Type  : Slow 1200mV -40C Model Setup 'u_pllvga|altpll_component|auto_generated|pll1|clk[0]'
Slack : -3.081
TNS   : -27.245

Type  : Slow 1200mV -40C Model Setup 'sync:u_sync|sync[1]'
Slack : -1.028
TNS   : -13.816

Type  : Slow 1200mV -40C Model Hold 'u_pllvga|altpll_component|auto_generated|pll1|clk[0]'
Slack : 0.310
TNS   : 0.000

Type  : Slow 1200mV -40C Model Hold 'sync:u_sync|sync[1]'
Slack : 0.330
TNS   : 0.000

Type  : Slow 1200mV -40C Model Minimum Pulse Width 'sync:u_sync|sync[1]'
Slack : -1.500
TNS   : -31.500

Type  : Slow 1200mV -40C Model Minimum Pulse Width 'u_pllvga|altpll_component|auto_generated|pll1|clk[0]'
Slack : 7.313
TNS   : 0.000

Type  : Slow 1200mV -40C Model Minimum Pulse Width 'clock'
Slack : 9.910
TNS   : 0.000

Type  : Fast 1200mV -40C Model Setup 'u_pllvga|altpll_component|auto_generated|pll1|clk[0]'
Slack : -2.033
TNS   : -17.898

Type  : Fast 1200mV -40C Model Setup 'sync:u_sync|sync[1]'
Slack : -0.086
TNS   : -0.683

Type  : Fast 1200mV -40C Model Hold 'u_pllvga|altpll_component|auto_generated|pll1|clk[0]'
Slack : 0.159
TNS   : 0.000

Type  : Fast 1200mV -40C Model Hold 'sync:u_sync|sync[1]'
Slack : 0.169
TNS   : 0.000

Type  : Fast 1200mV -40C Model Minimum Pulse Width 'sync:u_sync|sync[1]'
Slack : -1.000
TNS   : -21.000

Type  : Fast 1200mV -40C Model Minimum Pulse Width 'u_pllvga|altpll_component|auto_generated|pll1|clk[0]'
Slack : 7.433
TNS   : 0.000

Type  : Fast 1200mV -40C Model Minimum Pulse Width 'clock'
Slack : 9.627
TNS   : 0.000

------------------------------------------------------------
